// Jest Snapshot v1, https://goo.gl/fbAQLP

exports[`should take snapshot 1`] = `
<DocumentFragment>
  <div
    style="display: flex; justify-content: center; padding-top: 100px;"
  >
    <div
      style="display: flex;"
    >
      <div
        style="justify-content: center; align-self: center;"
      >
        <a
          event="[object Object]"
          filename="download.ics"
          href="#add-to-calendar"
        >
          <img
            alt="calendar"
            src="icons8-calendar-48-purple.png"
            style="height: 24px;"
          />
        </a>
      </div>
      <div
        style="justify-content: center; align-self: center; padding-left: 5px;"
      >
        Wednesday, September 2nd @ 02:00 pm
      </div>
    </div>
  </div>
</DocumentFragment>
`;
